[INFO] Scanning for projects...
[INFO] 
[INFO] ----------------------< com.example:demostracion >----------------------
[INFO] Building demostracion 0.0.1-SNAPSHOT
[INFO]   from pom.xml
[INFO] --------------------------------[ jar ]---------------------------------
[INFO] 
[INFO] --- resources:3.3.1:resources (default-resources) @ demostracion ---
[INFO] Copying 1 resource from src\main\resources to target\classes
[INFO] Copying 102 resources from src\main\resources to target\classes
[INFO] 
[INFO] --- compiler:3.14.0:compile (default-compile) @ demostracion ---
[INFO] Recompiling the module because of changed source code.
[INFO] Compiling 90 source files with javac [debug parameters release 17] to target\classes
[INFO] /C:/xampp/htdocs/demostracion/src/main/java/com/example/demostracion/config/SecurityConfig.java: Some input files use or override a deprecated API.
[INFO] /C:/xampp/htdocs/demostracion/src/main/java/com/example/demostracion/config/SecurityConfig.java: Recompile with -Xlint:deprecation for details.
[INFO] ------------------------------------------------------------------------
[INFO] BUILD SUCCESS
[INFO] ------------------------------------------------------------------------
[INFO] Total time:  12.251 s
[INFO] Finished at: 2026-03-26T20:06:05-05:00
[INFO] ------------------------------------------------------------------------
