[INFO] Scanning for projects...
[INFO] 
[INFO] ----------------------< com.example:demostracion >----------------------
[INFO] Building demostracion 0.0.1-SNAPSHOT
[INFO]   from pom.xml
[INFO] --------------------------------[ jar ]---------------------------------
[INFO] 
[INFO] --- clean:3.4.1:clean (default-clean) @ demostracion ---
[INFO] Deleting C:\xampp\htdocs\demostracion\target
[INFO] 
[INFO] --- resources:3.3.1:resources (default-resources) @ demostracion ---
[INFO] Copying 1 resource from src\main\resources to target\classes
[INFO] Copying 100 resources from src\main\resources to target\classes
[INFO] 
[INFO] --- compiler:3.14.0:compile (default-compile) @ demostracion ---
[INFO] Recompiling the module because of changed source code.
[INFO] Compiling 90 source files with javac [debug parameters release 17] to target\classes
[INFO] /C:/xampp/htdocs/demostracion/src/main/java/com/example/demostracion/config/SecurityConfig.java: Some input files use or override a deprecated API.
[INFO] /C:/xampp/htdocs/demostracion/src/main/java/com/example/demostracion/config/SecurityConfig.java: Recompile with -Xlint:deprecation for details.
[INFO] -------------------------------------------------------------
[ERROR] COMPILATION ERROR : 
[INFO] -------------------------------------------------------------
[ERROR] /C:/xampp/htdocs/demostracion/src/main/java/com/example/demostracion/controller/CorreoController.java:[490,48] cannot find symbol
  symbol:   method findByRemitente(com.example.demostracion.model.Usuario)
  location: variable mensajeRepository of type com.example.demostracion.repository.MensajeRepository
[ERROR] /C:/xampp/htdocs/demostracion/src/main/java/com/example/demostracion/controller/CorreoController.java:[491,28] incompatible types: java.lang.Object cannot be converted to java.util.List<com.example.demostracion.model.Mensaje>
[ERROR] /C:/xampp/htdocs/demostracion/src/main/java/com/example/demostracion/controller/CorreoController.java:[515,59] cannot find symbol
  symbol:   method findByCarpeta(java.lang.String)
  location: variable mensajeRepository of type com.example.demostracion.repository.MensajeRepository
[INFO] 3 errors 
[INFO] -------------------------------------------------------------
[INFO] ------------------------------------------------------------------------
[INFO] BUILD FAILURE
[INFO] ------------------------------------------------------------------------
[INFO] Total time:  17.615 s
[INFO] Finished at: 2026-03-11T21:04:51-05:00
[INFO] ------------------------------------------------------------------------
[ERROR] Failed to execute goal org.apache.maven.plugins:maven-compiler-plugin:3.14.0:compile (default-compile) on project demostracion: Compilation failure: Compilation failure: 
[ERROR] /C:/xampp/htdocs/demostracion/src/main/java/com/example/demostracion/controller/CorreoController.java:[490,48] cannot find symbol
[ERROR]   symbol:   method findByRemitente(com.example.demostracion.model.Usuario)
[ERROR]   location: variable mensajeRepository of type com.example.demostracion.repository.MensajeRepository
[ERROR] /C:/xampp/htdocs/demostracion/src/main/java/com/example/demostracion/controller/CorreoController.java:[491,28] incompatible types: java.lang.Object cannot be converted to java.util.List<com.example.demostracion.model.Mensaje>
[ERROR] /C:/xampp/htdocs/demostracion/src/main/java/com/example/demostracion/controller/CorreoController.java:[515,59] cannot find symbol
[ERROR]   symbol:   method findByCarpeta(java.lang.String)
[ERROR]   location: variable mensajeRepository of type com.example.demostracion.repository.MensajeRepository
[ERROR] -> [Help 1]
[ERROR] 
[ERROR] To see the full stack trace of the errors, re-run Maven with the -e switch.
[ERROR] Re-run Maven using the -X switch to enable full debug logging.
[ERROR] 
[ERROR] For more information about the errors and possible solutions, please read the following articles:
[ERROR] [Help 1] http://cwiki.apache.org/confluence/display/MAVEN/MojoFailureException
